// Jest Snapshot v1, https://goo.gl/fbAQLP

exports[`Snapshot 1`] = `
Object {
  "Outputs": Object {
    "DistributionDomainName": Object {
      "Value": Object {
        "Fn::GetAtt": Array [
          "Cloudfront16B1DCDE",
          "DomainName",
        ],
      },
    },
    "LoadBalancerDnsName": Object {
      "Value": Object {
        "Fn::GetAtt": Array [
          "LoadBalancerBE9EEC3A",
          "DNSName",
        ],
      },
    },
  },
  "Resources": Object {
    "Cloudfront16B1DCDE": Object {
      "Properties": Object {
        "DistributionConfig": Object {
          "DefaultCacheBehavior": Object {
            "CachePolicyId": "658327ea-f89d-4fab-a63d-7e88639e58f6",
            "Compress": true,
            "TargetOriginId": "testCloudfrontOrigin1B2C52226",
            "ViewerProtocolPolicy": "allow-all",
          },
          "Enabled": true,
          "HttpVersion": "http2",
          "IPV6Enabled": true,
          "Origins": Array [
            Object {
              "CustomOriginConfig": Object {
                "OriginProtocolPolicy": "http-only",
                "OriginSSLProtocols": Array [
                  "TLSv1.2",
                ],
              },
              "DomainName": Object {
                "Fn::GetAtt": Array [
                  "LoadBalancerBE9EEC3A",
                  "DNSName",
                ],
              },
              "Id": "testCloudfrontOrigin1B2C52226",
            },
          ],
        },
      },
      "Type": "AWS::CloudFront::Distribution",
    },
    "EcsCluster97242B84": Object {
      "Type": "AWS::ECS::Cluster",
    },
    "FargateServiceAC2B3B85": Object {
      "DependsOn": Array [
        "LoadBalancerListenerECSGroup6F6E3980",
        "LoadBalancerListenerE1A099B9",
      ],
      "Properties": Object {
        "Cluster": Object {
          "Ref": "EcsCluster97242B84",
        },
        "DeploymentConfiguration": Object {
          "MaximumPercent": 200,
          "MinimumHealthyPercent": 50,
        },
        "EnableECSManagedTags": false,
        "HealthCheckGracePeriodSeconds": 60,
        "LaunchType": "FARGATE",
        "LoadBalancers": Array [
          Object {
            "ContainerName": "SampleServerContainer",
            "ContainerPort": 3000,
            "TargetGroupArn": Object {
              "Ref": "LoadBalancerListenerECSGroup6F6E3980",
            },
          },
        ],
        "NetworkConfiguration": Object {
          "AwsvpcConfiguration": Object {
            "AssignPublicIp": "DISABLED",
            "SecurityGroups": Array [
              Object {
                "Fn::GetAtt": Array [
                  "FargateServiceSecurityGroup0A0E79CB",
                  "GroupId",
                ],
              },
            ],
            "Subnets": Array [
              Object {
                "Ref": "VpcPrivateSubnet1Subnet536B997A",
              },
              Object {
                "Ref": "VpcPrivateSubnet2Subnet3788AAA1",
              },
            ],
          },
        },
        "TaskDefinition": Object {
          "Ref": "TaskDefinitionB36D86D9",
        },
      },
      "Type": "AWS::ECS::Service",
    },
    "FargateServiceSecurityGroup0A0E79CB": Object {
      "Properties": Object {
        "GroupDescription": "test/FargateService/SecurityGroup",
        "SecurityGroupEgress": Array [
          Object {
            "CidrIp": "0.0.0.0/0",
            "Description": "Allow all outbound traffic by default",
            "IpProtocol": "-1",
          },
        ],
        "VpcId": Object {
          "Ref": "Vpc8378EB38",
        },
      },
      "Type": "AWS::EC2::SecurityGroup",
    },
    "FargateServiceSecurityGroupfromtestLoadBalancerSecurityGroupDD22F5803000737B3831": Object {
      "Properties": Object {
        "Description": "Load balancer to target",
        "FromPort": 3000,
        "GroupId": Object {
          "Fn::GetAtt": Array [
            "FargateServiceSecurityGroup0A0E79CB",
            "GroupId",
          ],
        },
        "IpProtocol": "tcp",
        "SourceSecurityGroupId": Object {
          "Fn::GetAtt": Array [
            "LoadBalancerSecurityGroupA28D6DD7",
            "GroupId",
          ],
        },
        "ToPort": 3000,
      },
      "Type": "AWS::EC2::SecurityGroupIngress",
    },
    "LoadBalancerBE9EEC3A": Object {
      "DependsOn": Array [
        "VpcPublicSubnet1DefaultRoute3DA9E72A",
        "VpcPublicSubnet2DefaultRoute97F91067",
      ],
      "Properties": Object {
        "LoadBalancerAttributes": Array [
          Object {
            "Key": "deletion_protection.enabled",
            "Value": "false",
          },
        ],
        "Scheme": "internet-facing",
        "SecurityGroups": Array [
          Object {
            "Fn::GetAtt": Array [
              "LoadBalancerSecurityGroupA28D6DD7",
              "GroupId",
            ],
          },
        ],
        "Subnets": Array [
          Object {
            "Ref": "VpcPublicSubnet1Subnet5C2D37C4",
          },
          Object {
            "Ref": "VpcPublicSubnet2Subnet691E08A3",
          },
        ],
        "Type": "application",
      },
      "Type": "AWS::ElasticLoadBalancingV2::LoadBalancer",
    },
    "LoadBalancerListenerE1A099B9": Object {
      "Properties": Object {
        "DefaultActions": Array [
          Object {
            "TargetGroupArn": Object {
              "Ref": "LoadBalancerListenerECSGroup6F6E3980",
            },
            "Type": "forward",
          },
        ],
        "LoadBalancerArn": Object {
          "Ref": "LoadBalancerBE9EEC3A",
        },
        "Port": 80,
        "Protocol": "HTTP",
      },
      "Type": "AWS::ElasticLoadBalancingV2::Listener",
    },
    "LoadBalancerListenerECSGroup6F6E3980": Object {
      "Properties": Object {
        "Port": 80,
        "Protocol": "HTTP",
        "TargetType": "ip",
        "VpcId": Object {
          "Ref": "Vpc8378EB38",
        },
      },
      "Type": "AWS::ElasticLoadBalancingV2::TargetGroup",
    },
    "LoadBalancerSecurityGroupA28D6DD7": Object {
      "Properties": Object {
        "GroupDescription": "Automatically created Security Group for ELB testLoadBalancerF5615F9C",
        "SecurityGroupIngress": Array [
          Object {
            "CidrIp": "0.0.0.0/0",
            "Description": "Allow from anyone on port 80",
            "FromPort": 80,
            "IpProtocol": "tcp",
            "ToPort": 80,
          },
        ],
        "VpcId": Object {
          "Ref": "Vpc8378EB38",
        },
      },
      "Type": "AWS::EC2::SecurityGroup",
    },
    "LoadBalancerSecurityGrouptotestFargateServiceSecurityGroup7CFD6E78300000BA42E1": Object {
      "Properties": Object {
        "Description": "Load balancer to target",
        "DestinationSecurityGroupId": Object {
          "Fn::GetAtt": Array [
            "FargateServiceSecurityGroup0A0E79CB",
            "GroupId",
          ],
        },
        "FromPort": 3000,
        "GroupId": Object {
          "Fn::GetAtt": Array [
            "LoadBalancerSecurityGroupA28D6DD7",
            "GroupId",
          ],
        },
        "IpProtocol": "tcp",
        "ToPort": 3000,
      },
      "Type": "AWS::EC2::SecurityGroupEgress",
    },
    "TaskDefinitionB36D86D9": Object {
      "Properties": Object {
        "ContainerDefinitions": Array [
          Object {
            "Essential": true,
            "Image": Object {
              "Fn::Join": Array [
                "",
                Array [
                  Object {
                    "Ref": "AWS::AccountId",
                  },
                  ".dkr.ecr.",
                  Object {
                    "Ref": "AWS::Region",
                  },
                  ".",
                  Object {
                    "Ref": "AWS::URLSuffix",
                  },
                  "/aws-cdk/assets:a07979ff25e344bf0db91b49e0208f245d61a7fa2a3819c5c2eaf297f158c8f6",
                ],
              ],
            },
            "Name": "SampleServerContainer",
            "PortMappings": Array [
              Object {
                "ContainerPort": 3000,
                "Protocol": "tcp",
              },
            ],
          },
        ],
        "Cpu": "256",
        "ExecutionRoleArn": Object {
          "Fn::GetAtt": Array [
            "TaskDefinitionExecutionRole8D61C2FB",
            "Arn",
          ],
        },
        "Family": "testTaskDefinitionDEFD2B54",
        "Memory": "512",
        "NetworkMode": "awsvpc",
        "RequiresCompatibilities": Array [
          "FARGATE",
        ],
        "TaskRoleArn": Object {
          "Fn::GetAtt": Array [
            "TaskDefinitionTaskRoleFD40A61D",
            "Arn",
          ],
        },
      },
      "Type": "AWS::ECS::TaskDefinition",
    },
    "TaskDefinitionExecutionRole8D61C2FB": Object {
      "Properties": Object {
        "AssumeRolePolicyDocument": Object {
          "Statement": Array [
            Object {
              "Action": "sts:AssumeRole",
              "Effect": "Allow",
              "Principal": Object {
                "Service": "ecs-tasks.amazonaws.com",
              },
            },
          ],
          "Version": "2012-10-17",
        },
      },
      "Type": "AWS::IAM::Role",
    },
    "TaskDefinitionExecutionRoleDefaultPolicy1F3406F5": Object {
      "Properties": Object {
        "PolicyDocument": Object {
          "Statement": Array [
            Object {
              "Action": Array [
                "ecr:BatchCheckLayerAvailability",
                "ecr:GetDownloadUrlForLayer",
                "ecr:BatchGetImage",
              ],
              "Effect": "Allow",
              "Resource": Object {
                "Fn::Join": Array [
                  "",
                  Array [
                    "arn:",
                    Object {
                      "Ref": "AWS::Partition",
                    },
                    ":ecr:",
                    Object {
                      "Ref": "AWS::Region",
                    },
                    ":",
                    Object {
                      "Ref": "AWS::AccountId",
                    },
                    ":repository/aws-cdk/assets",
                  ],
                ],
              },
            },
            Object {
              "Action": "ecr:GetAuthorizationToken",
              "Effect": "Allow",
              "Resource": "*",
            },
          ],
          "Version": "2012-10-17",
        },
        "PolicyName": "TaskDefinitionExecutionRoleDefaultPolicy1F3406F5",
        "Roles": Array [
          Object {
            "Ref": "TaskDefinitionExecutionRole8D61C2FB",
          },
        ],
      },
      "Type": "AWS::IAM::Policy",
    },
    "TaskDefinitionTaskRoleFD40A61D": Object {
      "Properties": Object {
        "AssumeRolePolicyDocument": Object {
          "Statement": Array [
            Object {
              "Action": "sts:AssumeRole",
              "Effect": "Allow",
              "Principal": Object {
                "Service": "ecs-tasks.amazonaws.com",
              },
            },
          ],
          "Version": "2012-10-17",
        },
      },
      "Type": "AWS::IAM::Role",
    },
    "Vpc8378EB38": Object {
      "Properties": Object {
        "CidrBlock": "10.0.0.0/16",
        "EnableDnsHostnames": true,
        "EnableDnsSupport": true,
        "InstanceTenancy": "default",
        "Tags": Array [
          Object {
            "Key": "Name",
            "Value": "test/Vpc",
          },
        ],
      },
      "Type": "AWS::EC2::VPC",
    },
    "VpcIGWD7BA715C": Object {
      "Properties": Object {
        "Tags": Array [
          Object {
            "Key": "Name",
            "Value": "test/Vpc",
          },
        ],
      },
      "Type": "AWS::EC2::InternetGateway",
    },
    "VpcPrivateSubnet1DefaultRouteBE02A9ED": Object {
      "Properties": Object {
        "DestinationCidrBlock": "0.0.0.0/0",
        "NatGatewayId": Object {
          "Ref": "VpcPublicSubnet1NATGateway4D7517AA",
        },
        "RouteTableId": Object {
          "Ref": "VpcPrivateSubnet1RouteTableB2C5B500",
        },
      },
      "Type": "AWS::EC2::Route",
    },
    "VpcPrivateSubnet1RouteTableAssociation70C59FA6": Object {
      "Properties": Object {
        "RouteTableId": Object {
          "Ref": "VpcPrivateSubnet1RouteTableB2C5B500",
        },
        "SubnetId": Object {
          "Ref": "VpcPrivateSubnet1Subnet536B997A",
        },
      },
      "Type": "AWS::EC2::SubnetRouteTableAssociation",
    },
    "VpcPrivateSubnet1RouteTableB2C5B500": Object {
      "Properties": Object {
        "Tags": Array [
          Object {
            "Key": "Name",
            "Value": "test/Vpc/PrivateSubnet1",
          },
        ],
        "VpcId": Object {
          "Ref": "Vpc8378EB38",
        },
      },
      "Type": "AWS::EC2::RouteTable",
    },
    "VpcPrivateSubnet1Subnet536B997A": Object {
      "Properties": Object {
        "AvailabilityZone": Object {
          "Fn::Select": Array [
            0,
            Object {
              "Fn::GetAZs": "",
            },
          ],
        },
        "CidrBlock": "10.0.128.0/18",
        "MapPublicIpOnLaunch": false,
        "Tags": Array [
          Object {
            "Key": "aws-cdk:subnet-name",
            "Value": "Private",
          },
          Object {
            "Key": "aws-cdk:subnet-type",
            "Value": "Private",
          },
          Object {
            "Key": "Name",
            "Value": "test/Vpc/PrivateSubnet1",
          },
        ],
        "VpcId": Object {
          "Ref": "Vpc8378EB38",
        },
      },
      "Type": "AWS::EC2::Subnet",
    },
    "VpcPrivateSubnet2DefaultRoute060D2087": Object {
      "Properties": Object {
        "DestinationCidrBlock": "0.0.0.0/0",
        "NatGatewayId": Object {
          "Ref": "VpcPublicSubnet2NATGateway9182C01D",
        },
        "RouteTableId": Object {
          "Ref": "VpcPrivateSubnet2RouteTableA678073B",
        },
      },
      "Type": "AWS::EC2::Route",
    },
    "VpcPrivateSubnet2RouteTableA678073B": Object {
      "Properties": Object {
        "Tags": Array [
          Object {
            "Key": "Name",
            "Value": "test/Vpc/PrivateSubnet2",
          },
        ],
        "VpcId": Object {
          "Ref": "Vpc8378EB38",
        },
      },
      "Type": "AWS::EC2::RouteTable",
    },
    "VpcPrivateSubnet2RouteTableAssociationA89CAD56": Object {
      "Properties": Object {
        "RouteTableId": Object {
          "Ref": "VpcPrivateSubnet2RouteTableA678073B",
        },
        "SubnetId": Object {
          "Ref": "VpcPrivateSubnet2Subnet3788AAA1",
        },
      },
      "Type": "AWS::EC2::SubnetRouteTableAssociation",
    },
    "VpcPrivateSubnet2Subnet3788AAA1": Object {
      "Properties": Object {
        "AvailabilityZone": Object {
          "Fn::Select": Array [
            1,
            Object {
              "Fn::GetAZs": "",
            },
          ],
        },
        "CidrBlock": "10.0.192.0/18",
        "MapPublicIpOnLaunch": false,
        "Tags": Array [
          Object {
            "Key": "aws-cdk:subnet-name",
            "Value": "Private",
          },
          Object {
            "Key": "aws-cdk:subnet-type",
            "Value": "Private",
          },
          Object {
            "Key": "Name",
            "Value": "test/Vpc/PrivateSubnet2",
          },
        ],
        "VpcId": Object {
          "Ref": "Vpc8378EB38",
        },
      },
      "Type": "AWS::EC2::Subnet",
    },
    "VpcPublicSubnet1DefaultRoute3DA9E72A": Object {
      "DependsOn": Array [
        "VpcVPCGWBF912B6E",
      ],
      "Properties": Object {
        "DestinationCidrBlock": "0.0.0.0/0",
        "GatewayId": Object {
          "Ref": "VpcIGWD7BA715C",
        },
        "RouteTableId": Object {
          "Ref": "VpcPublicSubnet1RouteTable6C95E38E",
        },
      },
      "Type": "AWS::EC2::Route",
    },
    "VpcPublicSubnet1EIPD7E02669": Object {
      "Properties": Object {
        "Domain": "vpc",
        "Tags": Array [
          Object {
            "Key": "Name",
            "Value": "test/Vpc/PublicSubnet1",
          },
        ],
      },
      "Type": "AWS::EC2::EIP",
    },
    "VpcPublicSubnet1NATGateway4D7517AA": Object {
      "Properties": Object {
        "AllocationId": Object {
          "Fn::GetAtt": Array [
            "VpcPublicSubnet1EIPD7E02669",
            "AllocationId",
          ],
        },
        "SubnetId": Object {
          "Ref": "VpcPublicSubnet1Subnet5C2D37C4",
        },
        "Tags": Array [
          Object {
            "Key": "Name",
            "Value": "test/Vpc/PublicSubnet1",
          },
        ],
      },
      "Type": "AWS::EC2::NatGateway",
    },
    "VpcPublicSubnet1RouteTable6C95E38E": Object {
      "Properties": Object {
        "Tags": Array [
          Object {
            "Key": "Name",
            "Value": "test/Vpc/PublicSubnet1",
          },
        ],
        "VpcId": Object {
          "Ref": "Vpc8378EB38",
        },
      },
      "Type": "AWS::EC2::RouteTable",
    },
    "VpcPublicSubnet1RouteTableAssociation97140677": Object {
      "Properties": Object {
        "RouteTableId": Object {
          "Ref": "VpcPublicSubnet1RouteTable6C95E38E",
        },
        "SubnetId": Object {
          "Ref": "VpcPublicSubnet1Subnet5C2D37C4",
        },
      },
      "Type": "AWS::EC2::SubnetRouteTableAssociation",
    },
    "VpcPublicSubnet1Subnet5C2D37C4": Object {
      "Properties": Object {
        "AvailabilityZone": Object {
          "Fn::Select": Array [
            0,
            Object {
              "Fn::GetAZs": "",
            },
          ],
        },
        "CidrBlock": "10.0.0.0/18",
        "MapPublicIpOnLaunch": true,
        "Tags": Array [
          Object {
            "Key": "aws-cdk:subnet-name",
            "Value": "Public",
          },
          Object {
            "Key": "aws-cdk:subnet-type",
            "Value": "Public",
          },
          Object {
            "Key": "Name",
            "Value": "test/Vpc/PublicSubnet1",
          },
        ],
        "VpcId": Object {
          "Ref": "Vpc8378EB38",
        },
      },
      "Type": "AWS::EC2::Subnet",
    },
    "VpcPublicSubnet2DefaultRoute97F91067": Object {
      "DependsOn": Array [
        "VpcVPCGWBF912B6E",
      ],
      "Properties": Object {
        "DestinationCidrBlock": "0.0.0.0/0",
        "GatewayId": Object {
          "Ref": "VpcIGWD7BA715C",
        },
        "RouteTableId": Object {
          "Ref": "VpcPublicSubnet2RouteTable94F7E489",
        },
      },
      "Type": "AWS::EC2::Route",
    },
    "VpcPublicSubnet2EIP3C605A87": Object {
      "Properties": Object {
        "Domain": "vpc",
        "Tags": Array [
          Object {
            "Key": "Name",
            "Value": "test/Vpc/PublicSubnet2",
          },
        ],
      },
      "Type": "AWS::EC2::EIP",
    },
    "VpcPublicSubnet2NATGateway9182C01D": Object {
      "Properties": Object {
        "AllocationId": Object {
          "Fn::GetAtt": Array [
            "VpcPublicSubnet2EIP3C605A87",
            "AllocationId",
          ],
        },
        "SubnetId": Object {
          "Ref": "VpcPublicSubnet2Subnet691E08A3",
        },
        "Tags": Array [
          Object {
            "Key": "Name",
            "Value": "test/Vpc/PublicSubnet2",
          },
        ],
      },
      "Type": "AWS::EC2::NatGateway",
    },
    "VpcPublicSubnet2RouteTable94F7E489": Object {
      "Properties": Object {
        "Tags": Array [
          Object {
            "Key": "Name",
            "Value": "test/Vpc/PublicSubnet2",
          },
        ],
        "VpcId": Object {
          "Ref": "Vpc8378EB38",
        },
      },
      "Type": "AWS::EC2::RouteTable",
    },
    "VpcPublicSubnet2RouteTableAssociationDD5762D8": Object {
      "Properties": Object {
        "RouteTableId": Object {
          "Ref": "VpcPublicSubnet2RouteTable94F7E489",
        },
        "SubnetId": Object {
          "Ref": "VpcPublicSubnet2Subnet691E08A3",
        },
      },
      "Type": "AWS::EC2::SubnetRouteTableAssociation",
    },
    "VpcPublicSubnet2Subnet691E08A3": Object {
      "Properties": Object {
        "AvailabilityZone": Object {
          "Fn::Select": Array [
            1,
            Object {
              "Fn::GetAZs": "",
            },
          ],
        },
        "CidrBlock": "10.0.64.0/18",
        "MapPublicIpOnLaunch": true,
        "Tags": Array [
          Object {
            "Key": "aws-cdk:subnet-name",
            "Value": "Public",
          },
          Object {
            "Key": "aws-cdk:subnet-type",
            "Value": "Public",
          },
          Object {
            "Key": "Name",
            "Value": "test/Vpc/PublicSubnet2",
          },
        ],
        "VpcId": Object {
          "Ref": "Vpc8378EB38",
        },
      },
      "Type": "AWS::EC2::Subnet",
    },
    "VpcVPCGWBF912B6E": Object {
      "Properties": Object {
        "InternetGatewayId": Object {
          "Ref": "VpcIGWD7BA715C",
        },
        "VpcId": Object {
          "Ref": "Vpc8378EB38",
        },
      },
      "Type": "AWS::EC2::VPCGatewayAttachment",
    },
  },
}
`;
